{
    "istio/mesh/v1alpha1/MeshConfig": [
        {
            "TypeURL": "type.googleapis.com/istio.mesh.v1alpha1.MeshConfig",
            "Metadata": {
                "name": "istio-system/meshconfig"
            },
            "Body": {
                "accessLogFile": "/dev/stdout",
                "connectTimeout": {
                    "seconds": 10
                },
                "defaultConfig": {
                  "binaryPath": "/usr/local/bin/envoy",
                  "configPath": "./etc/istio/proxy",
                  "discoveryAddress": "istio-pilot:15010",
                  "drainDuration": {
                    "seconds": 45
                  },
                  "envoyAccessLogService": {},
                  "envoyMetricsService": {},
                  "parentShutdownDuration": {
                    "seconds": 60
                  },
                  "proxyAdminPort": 15000,
                  "serviceCluster": "istio-proxy",
                  "statNameLength": 189,
                  "statusPort": 15020
                },
                "defaultDestinationRuleExportTo": [
                  "*"
                ],
                "defaultServiceExportTo": [
                  "*"
                ],
                "defaultVirtualServiceExportTo": [
                  "*"
                ],
                "disablePolicyChecks": true,
                "dnsRefreshRate": {
                  "seconds": 5
                },
                "enableAutoMtls": {},
                "enableTracing": true,
                "ingressClass": "istio",
                "ingressControllerMode": 3,
                "ingressService": "istio-ingressgateway",
                "localityLbSetting": {},
                "outboundTrafficPolicy": {
                    "mode": 1
                },
                "protocolDetectionTimeout": {
                  "nanos": 100000000
                },
                "proxyListenPort": 15001,
                "reportBatchMaxEntries": 100,
                "reportBatchMaxTime": {
                  "seconds": 1
                },
                "rootNamespace": "istio-system",
                "thriftConfig":{},
                "trustDomain": "cluster.local"
            }
        }
    ]
}
